from typing import List, Dict, Any
import json
import re

import pytest


@pytest.fixture
def valid_email_pattern():
    return re.compile(r'^[a-zA-Z0-9._%+-]+@[a-zA-Z0-9.-]+\.[a-zA-Z]{2,}$')


@pytest.fixture
def test_users() -> List[Any]:
    return [
        {
            "id": 1,
            "name": "John Doe",
            "email": "john@example.com",
            "age": 30,
            "roles": ["user", "admin"]
        },
        {
            "id": 2,
            "name": "Jane Smith",
            "email": "jane@test.org",
            "age": 25,
            "roles": ["user"]
        }
    ]
def test_individual_user_validation(valid_email_pattern, test_users):
    for user in test_users:
        with subTest(user=user):
            assertValidUser(user)
            
def test_email_validation(valid_email_pattern, test_users):
    valid_emails = [
        "test@example.com",
        "user.name@domain.org",
        "user+tag@example.co.uk"
    ]
    invalid_emails = [
        "invalid-email",
        "@example.com",
        "test@",
        "test..test@example.com"
    ]
    
    for email in valid_emails:
        with subTest(email=email):
            assertValidEmail(email)
            
    for email in invalid_emails:
        with subTest(email=email):
            with pytest.raises(AssertionError):
                assertValidEmail(email)
                
def test_user_list_comparison(valid_email_pattern, test_users):
    users_copy = json.loads(json.dumps(test_users))  # Deep copy
    assertUsersEqual(test_users, users_copy)
    
    # Test with different order
    reversed_users = list(reversed(users_copy))
    assertUsersEqual(test_users, reversed_users)
